// Jest Snapshot v1, https://goo.gl/fbAQLP

exports[`Login Menu render the component 1`] = `
<div>
  <div
    class="LoginMenu__LoginMenuContainer-sc-1ec36x2-0 guOatf visible "
  >
    <div
      class="login__menu-login-register"
    >
      <h5>
        Log out
      </h5>
    </div>
  </div>
</div>
`;

exports[`Login Menu should open the login form in the login menu 1`] = `
<div>
  <div
    class="LoginMenu__LoginMenuContainer-sc-1ec36x2-0 guOatf visible logged-out"
  >
    <div
      class="login__menu-login-register"
    >
      <h5
        data-testid="login-form-control"
      >
        Login
      </h5>
      <div
        class="LoginMenu__AuthFormContainer-sc-1ec36x2-1 bIHWLO visible"
      >
        <div
          class="Login__AuthFormContainer-sc-1ryrs0l-0 hBRKZY"
        >
          <form
            class="Login__Form-sc-1ryrs0l-1 NjHaG"
          >
            <div
              class="Login__FormInput-sc-1ryrs0l-2 iNdDlt"
            >
              <div
                class="Input__InputContainer-sc-1wyp7tv-0 eyXXuZ"
              >
                <input
                  class="invalid untouched "
                  data-testid="form-input"
                  id="userEmail"
                  placeholder="Email"
                  type="email"
                  value=""
                />
              </div>
            </div>
            <div
              class="Login__FormInput-sc-1ryrs0l-2 iNdDlt"
            >
              <div
                class="Input__InputContainer-sc-1wyp7tv-0 eyXXuZ"
              >
                <input
                  class="invalid untouched "
                  data-testid="form-input"
                  id="password"
                  placeholder="Password"
                  type="password"
                  value=""
                />
              </div>
            </div>
            <button
              class="Login__AuthButton-sc-1ryrs0l-3 emqpgl disabled"
              disabled=""
            >
              Login
            </button>
          </form>
        </div>
      </div>
      <a
        href="/signup"
      >
        <h5>
          Register
        </h5>
      </a>
    </div>
  </div>
</div>
`;
